============================= test session starts ==============================
platform linux -- Python 3.12.12, pytest-9.0.2, pluggy-1.6.0
rootdir: /app
collected 22 items

tests/test_charting.py .                                                 [  4%]
tests/test_config.py ...                                                 [ 18%]
tests/test_core.py FFFFF.                                                [ 45%]
tests/test_formatting.py ....                                            [ 63%]
tests/test_security_validation.py .......                                [ 95%]
tests/test_ui_integration.py .                                           [100%]

=================================== FAILURES ===================================
__________________________ test_agent_initialization ___________________________

    def test_agent_initialization():
>       app = BachataAnalyticsApp()
              ^^^^^^^^^^^^^^^^^^^^^
E       TypeError: BachataAnalyticsApp.__init__() missing 1 required positional argument: 'ui'

tests/test_core.py:8: TypeError
__________________________ test_ingest_data_structure __________________________

    def test_ingest_data_structure():
>       app = BachataAnalyticsApp()
              ^^^^^^^^^^^^^^^^^^^^^
E       TypeError: BachataAnalyticsApp.__init__() missing 1 required positional argument: 'ui'

tests/test_core.py:12: TypeError
____________________________ test_outlier_detection ____________________________

    def test_outlier_detection():
>       app = BachataAnalyticsApp()
              ^^^^^^^^^^^^^^^^^^^^^
E       TypeError: BachataAnalyticsApp.__init__() missing 1 required positional argument: 'ui'

tests/test_core.py:19: TypeError
_____________________ test_outlier_detection_dynamic_types _____________________

    def test_outlier_detection_dynamic_types():
        """Test that outlier detection handles arbitrary types dynamically."""
>       app = BachataAnalyticsApp()
              ^^^^^^^^^^^^^^^^^^^^^
E       TypeError: BachataAnalyticsApp.__init__() missing 1 required positional argument: 'ui'

tests/test_core.py:36: TypeError
___________________________ test_prepare_agent_input ___________________________

    def test_prepare_agent_input():
>       app = BachataAnalyticsApp()
              ^^^^^^^^^^^^^^^^^^^^^
E       TypeError: BachataAnalyticsApp.__init__() missing 1 required positional argument: 'ui'

tests/test_core.py:51: TypeError
=========================== short test summary info ============================
FAILED tests/test_core.py::test_agent_initialization - TypeError: BachataAnal...
FAILED tests/test_core.py::test_ingest_data_structure - TypeError: BachataAna...
FAILED tests/test_core.py::test_outlier_detection - TypeError: BachataAnalyti...
FAILED tests/test_core.py::test_outlier_detection_dynamic_types - TypeError: ...
FAILED tests/test_core.py::test_prepare_agent_input - TypeError: BachataAnaly...
========================= 5 failed, 17 passed in 0.95s =========================
